<p class="xh_fail">Video &quot;no_video&quot; missing!</p>