
<div itemprop="video" itemscope itemtype="http://schema.org/VideoObject">
  <meta itemprop="name" content="My Video">
  <meta itemprop="description" content="This is a nice one &amp; it's short">
  <meta itemprop="contentURL" content="http://example.com/userfiles/media/my_video.mp4">
  <meta itemprop="thumbnailUrl" content="http://example.com/userfiles/media/my_video.jpg">
  <meta itemprop="uploadDate" content="2023-01-25T17:47:09+00:00">
  <video class="video_video" class="" controls="controls" preload="auto" width="512" height="288" poster="./userfiles/media/my_video.jpg">
    <source src="./userfiles/media/my_video.mp4" type="video/mp4">
    <source src="./userfiles/media/my_video.webm" type="video/webm">
    <a href="./userfiles/media/my_video.mp4"><img src="./userfiles/media/my_video.jpg" alt="Download my_video.mp4 video" title="Download my_video.mp4 video" class="video_video"></a>
  </video>
</div>
